src/api/client.ts(8,26): error TS1343: The 'import.meta' meta-property is only allowed when the '--module' option is 'es2020', 'es2022', 'esnext', 'system', 'node16', 'node18', 'node20', or 'nodenext'.
src/api/client.ts(8,38): error TS2339: Property 'env' does not exist on type 'ImportMeta'.
src/components/dashboard/MapView.tsx(10,18): error TS2307: Cannot find module 'leaflet/dist/images/marker-icon.png' or its corresponding type declarations.
src/components/dashboard/MapView.tsx(11,24): error TS2307: Cannot find module 'leaflet/dist/images/marker-shadow.png' or its corresponding type declarations.
src/components/dashboard/ReportingView.tsx(252,25): error TS2552: Cannot find name 'motion'. Did you mean 'Option'?
src/features/donations/donationsSlice.ts(172,50): error TS1323: Dynamic imports are only supported when the '--module' flag is set to 'es2020', 'es2022', 'esnext', 'commonjs', 'amd', 'system', 'umd', 'node16', 'node18', 'node20', or 'nodenext'.
src/features/donations/donationsSlice.ts(176,48): error TS1323: Dynamic imports are only supported when the '--module' flag is set to 'es2020', 'es2022', 'esnext', 'commonjs', 'amd', 'system', 'umd', 'node16', 'node18', 'node20', or 'nodenext'.
